$ pnpm plugins:assets:build && node --import tsx scripts/tsdown-build.mts && node --import tsx scripts/check-cli-bootstrap-imports.mts && node scripts/runtime-postbuild.mjs && node --import tsx scripts/build-stamp.mts && node --import tsx scripts/runtime-postbuild-stamp.mts && node --import tsx scripts/run-with-env.mts OPENCLAW_PLUGIN_SDK_CANONICAL_DTS=1 -- node --import tsx scripts/write-plugin-sdk-entry-dts.ts && node --import tsx scripts/check-plugin-sdk-exports.mts
$ node --import tsx scripts/bundled-plugin-assets.mts --phase build
[canvas] build: node scripts/bundle-a2ui.mjs
A2UI bundle up to date; skipping.
[diffs] build: node --import tsx ../../scripts/build-diffs-viewer-runtime.mts curated
[diffs-language-pack] build: node --import tsx ../../scripts/build-diffs-viewer-runtime.mts full
[discord] build: node --import tsx ../../scripts/build-discord-activity-sdk.mts
[tsdown-build] invocation 1/11 finished in 2.4s
[tsdown-build] invocation 2/11 finished in 10.2s
node_modules/playwright-core/lib/coreBundle.js (65821:28) [33m[EVAL] [0mUse of direct `eval` function is strongly discouraged as it poses security risks and may cause issues with minification.
       [38;5;246m╭[0m[38;5;246m─[0m[38;5;246m[[0m node_modules/playwright-core/lib/coreBundle.js:65821:29 [38;5;246m][0m
       [38;5;246m│[0m
 [38;5;246m65821 │[0m [38;5;249m [0m[38;5;249m [0m[38;5;249m [0m[38;5;249m [0m[38;5;249m [0m[38;5;249m [0m[38;5;249m [0m[38;5;249m [0m[38;5;249m [0m[38;5;249m [0m[38;5;249m [0m[38;5;249m [0m[38;5;249m [0m[38;5;249m [0m[38;5;249mc[0m[38;5;249mo[0m[38;5;249mn[0m[38;5;249ms[0m[38;5;249mt[0m[38;5;249m [0m[38;5;249mv[0m[38;5;249ma[0m[38;5;249ml[0m[38;5;249mu[0m[38;5;249me[0m[38;5;249m [0m[38;5;249m=[0m[38;5;249m [0meval[38;5;249m([0m[38;5;249m`[0m[38;5;249m([0m[38;5;249m$[0m[38;5;249m{[0m[38;5;249me[0m[38;5;249mx[0m[38;5;249mp[0m[38;5;249mr[0m[38;5;249m}[0m[38;5;249m)[0m[38;5;249m`[0m[38;5;249m)[0m[38;5;249m;[0m
 [38;5;240m      │[0m                             ──┬─
 [38;5;240m      │[0m                               ╰─── Use of direct `eval` here.
 [38;5;240m      │[0m
 [38;5;240m      │[0m [38;5;115mHelp[0m: Consider using indirect eval. For more information, check the documentation: https://rolldown.rs/guide/troubleshooting#avoiding-direct-eval
[38;5;246m───────╯[0m

node_modules/playwright-core/lib/coreBundle.js (65828:28) [33m[EVAL] [0mUse of direct `eval` function is strongly discouraged as it poses security risks and may cause issues with minification.
       [38;5;246m╭[0m[38;5;246m─[0m[38;5;246m[[0m node_modules/playwright-core/lib/coreBundle.js:65828:29 [38;5;246m][0m
       [38;5;246m│[0m
 [38;5;246m65828 │[0m [38;5;249m [0m[38;5;249m [0m[38;5;249m [0m[38;5;249m [0m[38;5;249m [0m[38;5;249m [0m[38;5;249m [0m[38;5;249m [0m[38;5;249m [0m[38;5;249m [0m[38;5;249m [0m[38;5;249m [0m[38;5;249m [0m[38;5;249m [0m[38;5;249mc[0m[38;5;249mo[0m[38;5;249mn[0m[38;5;249ms[0m[38;5;249mt[0m[38;5;249m [0m[38;5;249mv[0m[38;5;249ma[0m[38;5;249ml[0m[38;5;249mu[0m[38;5;249me[0m[38;5;249m [0m[38;5;249m=[0m[38;5;249m [0meval[38;5;249m([0m[38;5;249m`[0m[38;5;249m([0m[38;5;249m$[0m[38;5;249m{[0m[38;5;249me[0m[38;5;249mx[0m[38;5;249mp[0m[38;5;249mr[0m[38;5;249m}[0m[38;5;249m)[0m[38;5;249m`[0m[38;5;249m)[0m[38;5;249m;[0m
 [38;5;240m      │[0m                             ──┬─
 [38;5;240m      │[0m                               ╰─── Use of direct `eval` here.
 [38;5;240m      │[0m
 [38;5;240m      │[0m [38;5;115mHelp[0m: Consider using indirect eval. For more information, check the documentation: https://rolldown.rs/guide/troubleshooting#avoiding-direct-eval
[38;5;246m───────╯[0m

node_modules/web-tree-sitter/web-tree-sitter.js (2343:30) [33m[EVAL] [0mUse of direct `eval` function is strongly discouraged as it poses security risks and may cause issues with minification.
      [38;5;246m╭[0m[38;5;246m─[0m[38;5;246m[[0m node_modules/web-tree-sitter/web-tree-sitter.js:2343:31 [38;5;246m][0m
      [38;5;246m│[0m
 [38;5;246m2343 │[0m [38;5;249m [0m[38;5;249m [0m[38;5;249m [0m[38;5;249m [0m[38;5;249m [0m[38;5;249m [0m[38;5;249m [0m[38;5;249m [0m[38;5;249m [0m[38;5;249m [0m[38;5;249mA[0m[38;5;249mS[0m[38;5;249mM[0m[38;5;249m_[0m[38;5;249mC[0m[38;5;249mO[0m[38;5;249mN[0m[38;5;249mS[0m[38;5;249mT[0m[38;5;249mS[0m[38;5;249m[[0m[38;5;249ms[0m[38;5;249mt[0m[38;5;249ma[0m[38;5;249mr[0m[38;5;249mt[0m[38;5;249m][0m[38;5;249m [0m[38;5;249m=[0m[38;5;249m [0meval[38;5;249m([0m[38;5;249mf[0m[38;5;249mu[0m[38;5;249mn[0m[38;5;249mc[0m[38;5;249m)[0m[38;5;249m;[0m
 [38;5;240m     │[0m                               ──┬─
 [38;5;240m     │[0m                                 ╰─── Use of direct `eval` here.
 [38;5;240m     │[0m
 [38;5;240m     │[0m [38;5;115mHelp[0m: Consider using indirect eval. For more information, check the documentation: https://rolldown.rs/guide/troubleshooting#avoiding-direct-eval
[38;5;246m──────╯[0m

node_modules/web-tree-sitter/web-tree-sitter.js (2366:32) [33m[EVAL] [0mUse of direct `eval` function is strongly discouraged as it poses security risks and may cause issues with minification.
      [38;5;246m╭[0m[38;5;246m─[0m[38;5;246m[[0m node_modules/web-tree-sitter/web-tree-sitter.js:2366:33 [38;5;246m][0m
      [38;5;246m│[0m
 [38;5;246m2366 │[0m [38;5;249m [0m[38;5;249m [0m[38;5;249m [0m[38;5;249m [0m[38;5;249m [0m[38;5;249m [0m[38;5;249m [0m[38;5;249m [0m[38;5;249m [0m[38;5;249m [0m[38;5;249mm[0m[38;5;249mo[0m[38;5;249md[0m[38;5;249mu[0m[38;5;249ml[0m[38;5;249me[0m[38;5;249mE[0m[38;5;249mx[0m[38;5;249mp[0m[38;5;249mo[0m[38;5;249mr[0m[38;5;249mt[0m[38;5;249ms[0m[38;5;249m[[0m[38;5;249mn[0m[38;5;249ma[0m[38;5;249mm[0m[38;5;249me[0m[38;5;249m][0m[38;5;249m [0m[38;5;249m=[0m[38;5;249m [0meval[38;5;249m([0m[38;5;249mf[0m[38;5;249mu[0m[38;5;249mn[0m[38;5;249mc[0m[38;5;249m)[0m[38;5;249m;[0m
 [38;5;240m     │[0m                                 ──┬─
 [38;5;240m     │[0m                                   ╰─── Use of direct `eval` here.
 [38;5;240m     │[0m
 [38;5;240m     │[0m [38;5;115mHelp[0m: Consider using indirect eval. For more information, check the documentation: https://rolldown.rs/guide/troubleshooting#avoiding-direct-eval
[38;5;246m──────╯[0m

[tsdown-build] invocation 3/11 finished in 6.4s
[tsdown-build] invocation 4/11 finished in 20.7s
[tsdown-build] invocation 5/11 finished in 23.0s
[tsdown-build] invocation 6/11 finished in 22.3s
[tsdown-build] invocation 7/11 finished in 21.3s
[tsdown-build] invocation 8/11 finished in 23.4s
[tsdown-build] invocation 9/11 finished in 21.5s
[tsdown-build] invocation 10/11 finished in 22.5s
[tsdown-build] invocation 11/11 finished in 23.3s
CLI bootstrap import guard passed.
[plugin-control-plane-loads] verified 35 built modules with native require and checked doctor closures
runtime-postbuild: 11 phases completed in 2177ms (slowest: built plugin control-plane loads 1782ms)
Public plugin SDK declaration graph: 3133207/5315536 bytes (5250000-byte ratchet + 65536-byte output variance).
OK: All 147 public plugin-sdk subpaths verified.
